.google.com
.google.de
.amazon.de
.ebay.de
.wikipedia.org
.ebay-kleinanzeigen.de
.gmx.net
.web.de
.yahoo.com
.t-online.de
.live.com
.bild.de
.bing.com
.spiegel.de
.chip.de
.tagesschau.de
.dhl.de
.telekom.com
.wetter.com
.mobile.de
.immobilienscout24.de
.zdf.de
.idealo.de
.zeit.de
.wetteronline.de
.focus.de
.amazon.com
.n-tv.de
.duckduckgo.com
.ecosia.org
.welt.de
.microsoftonline.com
.mydealz.de
.deutsche-bank.de
.deref-gmx.net
.arbeitsagentur.de
.commerzbank.de
.ikea.com
.vodafone.de
.adobe.com
.deref-web.de
.paypal.com
.aliexpress.com
.heise.de
.bahn.de
.imgur.com
.msn.com
.faz.net
.check24.de
.imdb.com
.zalando.de
.video-adblocker.com
.xing.com
.dkb.de
.bbc.com
.mediamarkt.de
.etsy.com
.pr0gramm.com
.lieferando.de
.real.de
web.whatsapp.com
.9gag.com
.chefkoch.de
.1und1.de
.freenet.de
.ing.de
.telekom.de
.apple.com
.lidl.de
.postbank.de
.ndr.de
.wordpress.com
.comdirect.de
.redd.it
.tagesspiegel.de
.sueddeutsche.de
.autoscout24.de
.wetter.de
.finanzen.net
.pi-news.net
.office.com
.duden.de
.deutschepost.de
.kicker.de
.trustpilot.com
.motor1.com
.wdr.de
.immowelt.de
.giga.de
.stackoverflow.com
.obi.de
.golem.de
.spotify.com
.saturn.de
.strato.de
.transfermarkt.de
.markt.de
.fernsehserien.de
.dict.cc
.daserste.de
.ardmediathek.de
.leo.org
.gutefrage.net
.stepstone.de
.disneyplus.com
.theguardian.com
.computerbase.de
.rtl.de
.berliner-sparkasse.de
.gamestar.de
.stern.de
.mozilla.org
.ebay.com
.hornbach.de
.bauhaus.info
.mindfactory.de
.wikimedia.org
.elster.de
.ard.de
.payback.de
.onlinefussballmanager.de
.genius.com
.tradingview.com
.wg-gesucht.de
.alternate.de
.thingiverse.com
.merkur.de
.springer.com
.sky.de
.rwth-aachen.de
.rki.de
.fussball.de
.wiktionary.org
.notebooksbilliger.de
.twitter.com
.mapio.net
.realsrv.com
.airbnb.de
.rewe.de
.pcwelt.de
.adac.de
.ruhr-uni-bochum.de
.thisoption.com
.wetransfer.com
.wetransfer.net
.cnn.com
.hochschulstart.de
.auswaertiges-amt.de
.filmstarts.de
.handelsblatt.com
.hm.com
.samsung.com
.auskunft.de
.spektrum.de
.tripadvisor.de
.br.de
.coursera.org
.gooya.com
.immonet.de
.nvidia.com
.o2online.de
.sport1.de
.berlin.de
.myhermes.de
.linkedin.com
.dpd.de
.meer-usedom.de
.europa.eu
.telegram.org
.sparkasse-koelnbonn.de
.sofort.com
.spin.de
.langenscheidt.com
.mehrnews.com
.hamburg.de
.ariva.de
.tchibo.de
.kleiderkreisel.de
.quick-speedtest.com
.epicgames.com
.researchgate.net
.shomanews.com
.meinestadt.de
.archive.org
.aldi-nord.de
.godic.net
.skype.com
.haspa.de
.webex.com
.dailymotion.com
.bremen.de
.dastelefonbuch.de
.geizhals.de
.itslearning.com
.faceit.com
.taz.de
.eurosport.de
.speedtest.net
.bitcoin.de
.easybill.de
.hclips.com
.steampowered.com
.indeed.com
.kenfm.de
.digiato.com
.aldi-sued.de
.impactserving.com
.tvspielfilm.de
.linguee.com
.stackexchange.com
.rakuten.de
.bonprix.de
.hdsex.org
.udemy.com
.conrad.de
.tu-dresden.de
.saednews.com
.bestsecret.com
.dazn.com
.kn-online.de
.dalfak.com
.lentainform.com
.audible.de
.cardmarket.com
.netzwelt.de
.mopo.de
.rasadvarzeshi.com
.fapvid.com
.avm.de
.skladchik.com
.nexusmods.com
.nzz.ch
.hdrezka-ag.com
.all-inkl.com
.radio.de
.tu-dortmund.de
.pornpics.com
.testberichte.de
.hse24.de
.thomann.de
.xxxdan.com
.mdr.de
.kinopoisk.ru
.express.de
.bund.de
.eghtesadonline.com
.jizzbunker.com
.4channel.org
.cda.pl
.riotgames.com
.outbrain.com
.smallpdf.com
.pcgameshardware.de
.dhl-geschaeftskundenportal.de
.poppen.de
.hdfilme.cx
.ontvtime.ru
.badische-zeitung.de
.thalia.de
.targobank.de
.pyknet.net
.serving-sys.com
.iwank.tv
.goldesel.to
.airdsply.com
.motor-talk.de
.sputniknews.com
.twinrdsrv.com
.uni-stuttgart.de
.wp.pl
.kaufmich.com
.cambridge.org
.xobor.de
.arabdict.com
.niedersachsen.de
.congstar.de
.winfuture.de
.uni-hannover.de
.krone.at
.radiofarda.com
.drtuber.com
.uni-mainz.de
.fararu.com
.badoo.com
.y2mate.com
.ofgogoatan.com
.khabarpu.com
.tabor.ru
.successfactors.eu
.pilotprojekt-grundeinkommen.de
.pcgames.de
.bitchute.com
.pornhubpremium.com
.booklooker.de
.autobild.de
.rebuy.de
.msi.com
.docplayer.org
.muenchen.de
.feedly.com
.uploaded.net
.hartgeld.com
.christ-sucht-christ.de
.lapalingo.com
.daum.net
.alibaba.com
.vesti.ru
.edeka.de
.destore-daindmade.com
.holidaycheck.de
.livejournal.com
.ipaid.de
.xozilla.com
.tvr.by
.kino.de
.hp.com
.dasoertliche.de
.morgenpost.de
.kinogo.zone
.uni-kl.de
.uni-osnabrueck.de
.fcbayern.com
.tipico.de
.blog.fefe.de
.atlassian.net
.atlassian.com
.gitlab.com
.github.com
.github.io
.fonts.googleapis.com
.adobedtm.com
.jquery.com
.tagcommander.com
.a1.net
.krxd.net
.eum-appdynamics.com
.geolocation.onetrust.com
.dormakaba.com
.investis.com
