.office.com
.espn.com
.paypal.com
.alibaba.com
.chase.com
.indeed.com
.finance.yahoo.com
.zillow.com
.shutterstock.com
.investing.com
.wellsfargo.com
.hdfcbank.com
.ups.com
.skype.com
.target.com
.behance.net
.businessinsider.com
.webex.com
.samsung.com
.icicibank.com
.capitalone.com
.forbes.com
.investopedia.com
.realtor.com
.scribd.com
.fedex.com
.economictimes.indiatimes.com
.fidelity.com
.bankofamerica.com
.reuters.com
.bloomberg.com
.adp.com
.td.com
.att.com
.wsj.com
.istockphoto.com
.costco.com
.marketwatch.com
.verizon.com
.americanexpress.com
.hm.com
.springer.com
.nypost.com
.pearson.com
.irs.gov
.merriam-webster.com
.dhl.com
.wiley.com
.schwab.com
.discover.com
.zara.com
.constantcontact.com
.cengage.com
.intel.com
.eventbrite.com
.cisco.com
.onlinelibrary.wiley.com
.dreamstime.com
.aastocks.com
.audible.com
.usbank.com
.t-mobile.com
.globalsources.com
.fool.com
.123rf.com
.iqbroker.com
.axisbank.com
.verizonwireless.com
.scotiabank.com
.seekingalpha.com
.commbank.com.au
.rbcroyalbank.com
.vanguard.com
.jpmorganchase.com
.usaa.com
.sony.com
.cbsnews.com
.thesun.co.uk
.ccavenue.com
.getresponse.com
.nhc.noaa.gov
.creditcards.chase.com
.hangseng.com
.cj.com
.forexfactory.com
.garmin.com
.zerohedge.com
.lg.com
.gettyimages.com
.louisvuitton.com
.fnb.co.za
.aweber.com
.unity.com
.hbr.org
.cibc.com
.shareasale.com
.techcrunch.com
.thebalancecareers.com
.nbg.gr
.vistaprint.com
.nbg.gr
.bmo.com
.sagepub.com
.bankrate.com
.tdbank.com
.ft.com
.rt.ru
.clickbank.com
.freelancer.com
.inc.com
.kaiserpermanente.org
.bt.com
.ubs.com
.monster.com
.accenture.com
.westernunion.com
.eurobank.gr
.sba.gov
.cybersource.com
.entrepreneur.com
.dnb.com
.history.com
.foxbusiness.com
.adidas.com
.deloitte.com
.dominos.com
.anz.com
.ally.com
.ssa.gov
.dior.com
.lego.com
.amd.com
.nab.com.au
.geico.com
.money.cnn.com
.carousell.com
.ford.com
.westpac.com.au
.bseindia.com
.ml.com
.rackspace.com
.careerbuilder.com
.sprint.com
.tradeindia.com
.oreilly.com
.mckinsey.com
.eonline.com
.ziraatbank.com.tr
.sitesell.com
.sears.com
.michaels.com
.alamy.com
.gartner.com
.nasdaq.com
.jcpenney.com
.copart.com
.siemens.com
.myus.com
.wmtransfer.com
.interactivebrokers.com
.icai.org
.manta.com
.arduino.cc
.economist.com
.zdnet.com
.tradedoubler.com
.barchart.com
.regions.com
.progressive.com
.avature.net
.celine.com
.statefarm.com
.centurylink.com
.kitco.com
.simplyhired.com
.statefarm.com
.pubs.acs.org
.morningstar.com
.harrods.com
.isbank.com.tr
.thebalancesmb.com
.oriflame.com
.business-standard.com
.overdrive.com
.tradingeconomics.com
.chanel.com
.on24.com
.scholastic.com
.stockcharts.com
.questrade.com
.payscale.com
.bell.ca
.roku.com
.hindawi.com
.sbi.co.in
.canon.com
.cfainstitute.org
.dbs.com
.christianlouboutin.com
.kapitalbank.az
.hindawi.com
.corporate.walmart.com
.kroger.com
.rev.com
.weforum.org
.investors.com
.anz.com.au
.desjardins.com
.dice.com
.disney.com
.loewe.com
.goldprice.org
.ysl.com
.thumbtack.com
.experian.com
.thomsonreuters.com
.avery.com
.guitarcenter.com
.usa.canon.com
.angieslist.com
.telekom.de
.kbstar.com
.panasonic.com
.xoom.com
.bsi.ir
.indusind.com
.grainger.com
.online.citibank.co.in
.pacsun.com
.standardbank.co.za
.aramex.com
.allstate.com
.cvent.com
.patagonia.com
.tnt.com
.huntington.com
.hdfcsec.com
.amadeus.com
.yesbank.in
.telstra.com.au
.papajohns.com
.fastcompany.com
.paychex.com
.ti.com
.morganstanley.com
.bbt.com
.digikey.com
.cognizant.com
.knoji.com
.cigna.com
.clicky.com
.mcdonalds.com
.authorize.net
.53.com
.pizzahut.com
.prnewswire.com
.hsbc.com
.zacks.com
.bbs.fobshanghai.com
.starbucks.com
.pwc.com
.soumu.go.jp
.canarabank.in
.flightaware.com
.jobsdb.com
.stellamccartney.com
.flexjobs.com
.pmi.org
.bizjournals.com
.thomasnet.com
.uline.com
.dailyfx.com
.harveynichols.com
.thetimes.co.uk
.legalzoom.com
.trimble.com
.barrons.com
.webstaurantstore.com
.trekbikes.com
.bankofindia.com
.synxis.com
.aaa.com
.redbull.com
.pge.com
.aetna.com
.thestreet.com
.biggerpockets.com
.bigstockphoto.com
.sitepoint.com
.key.com
.philips.com
.guru.com
.uhaul.com
.jpmorgan.com
.volvocars.com
.uptodate.com
.oclc.org
.icbc.com.cn
.babypips.com
.chipotle.com
.medallia.com
.honda.com
.level3.com
.tradestation.com
.asx.com.au
.rolex.com
.publix.com
.bplans.com
.alrajhibank.com.sa
.thenorthface.com
.givenchy.com
.citibank.com
.questdiagnostics.com
.capgemini.com
.fisglobal.com
.tangerine.ca
.chevrolet.com
.nokia.com
.wooribank.com
.specialized.com
.mbusa.com
.enterprise.com
.equifax.com
.cc.com
.pond5.com
.ssrn.com
.carters.com
.fxstreet.com
.vonage.com
.absa.co.za
.manheim.com
.academy.com
.bose.com
.frontier.com
.sncf.com
.panerabread.com
.sfimg.com
.gallup.com
.businesswire.com
.ashleyfurniture.com
.bni.co.id
.athenahealth.com
.business.gov.au
.ariba.com
.exportersindia.com
.firstrade.com
.mouser.com
.uprinting.com
.emarketer.com
.iqair.com
.belk.com
.creditonebank.com
.foxtel.com.au
.wwnorton.com
.anthem.com
.shinhan.com
.sunbiz.org
.loopnet.com
.worldpay.com
.fortune.com
.active.com
.gurufocus.com
.mtb.com
.swarovski.com
.visa.com
.daimler.com
.fujitsu.com
.ey.com
.neteller.com
.theaustralian.com.au
.stamps.com
.thermofisher.com
.telus.com
.smallbiztrends.com
.nbe.com.eg
.ragingbull.com
.mastercard.com
.citibank.com.hk
.business.com
.investorplace.com
.onlinecheckwriter.com
.shrm.org
.mcgraw-hill.com
.rbi.org.in
.dowjones.com
.kompass.com
.bcg.com
.univision.com
.heb.com
.worldmarket.com
.hertz.com
.lendingtree.com
.roberthalf.com
.nist.gov
.cibeg.com
.movoto.com
.credit-suisse.com
.kmart.com
.clinicaltrials.gov
.pantone.com
.madewell.com
.valueresearchonline.com
.nap.edu
.hermanmiller.com
.tractorsupply.com
.citizensbank.com
.dol.gov
.zebra.com
.bjs.com
.swisscom.ch
.uob.com.sg
.3m.com
.akbank.com
.go4worldbusiness.com
.accaglobal.com
.investorshub.advfn.com
.hey.com
.sonos.com
.canstockphoto.com
.subway.com
.becu.org
.jeep.com
.ntt.com
.fido.ca
.adweek.com
.pitneybowes.com
.ril.com
.alahli.com
.tjx.com
.sony.net
.globaltestmarket.com
.heraldsun.com.au
.wipro.com
.nedbank.co.za
.muaban.net
.aib.ie
.us.hsbc.com
.quickenloans.com
.salary.com
.cmegroup.com
.wholefoodsmarket.com
.nwolb.com
.proz.com
.five9.com
.jbl.com
.dot.gov
.db.com
.duke-energy.com
.indiainfoline.com
.unionbankofindia.co.in
.indianrailways.gov.in
.fpl.com
.mps.it
.10times.com
.firstdata.com
.libertymutual.com
.citigroup.com
.abb.com
.fashiongo.net
.kasikornbank.com
.schneider-electric.com
.pearsoned.com
.gs.com
.mcmaster.com
.shimano.com
.etisalat.ae
.transunion.com
.realestateexpress.com
.mercedes-benz.com
.domo.com
.iso.org
.cio.com
.fundsxpress.com
.stgeorge.com.au
.swedbank.ee
.pymnts.com
.penguinrandomhouse.com
.hbsp.harvard.edu
.escrow.com
.quantcast.com
.costar.com
.andhrabank.in
.biglots.com
.pcfinancial.ca
.amway.com
.jnj.com
.ncsecu.org
.jimmyjohns.com
.kiplinger.com
.globes.co.il
.bill.com
.theupsstore.com
.pg.com
.honeywell.com
.dollartree.com
.st.com
.phoenixnap.com
.lulu.com
.vw.com
.principal.com
.bdv.de
.diva.de
.lufthansa.com
.githubassets.com
.githubusercontent.com
.npmjs.org
.sentry-cdn.com
.browser-update.org
.apple.com
.icloud.com
.mzstatic.com
.entrust.net
.digicert.com
.verisign.net
.loganalytics.io
