.google.com
.youtube.com
.youtube.de
.mail.google.com
.docs.google.com
.facebook.com
.yahoo.com
.en.wikipedia.org
.search.yahoo.com
.office.com
.mail.yahoo.com
.bing.com
.adobe.com
.twitter.com
.apple.com
.stackoverflow.com
.wordpress.com
.play.google.com
.linkedin.com
.msn.com
.dropbox.com
.github.com
.tumblr.com
.paypal.com
.soundcloud.com
.aws.amazon.com
.imgur.com
.speedtest.net
.salesforce.com
.duckduckgo.com
.pinterest.com
.ilovepdf.com
.zoho.com
.cnet.com
.vimeo.com
.mediafire.com
.godaddy.com
.slideshare.net
.smallpdf.com
.wikihow.com
.archive.org
.zendesk.com
.mozilla.org
.skype.com
.blackboard.com
.fiverr.com
.blogger.com
.ask.com
.trello.com
.hp.com
.xfinity.com
.hootsuite.com
.alexa.com
.evernote.com
.pixabay.com
.aol.com
.scribd.com
.box.com
.dell.com
.squarespace.com
.intuit.com
.developer.mozilla.org
.feedly.com
.surveymonkey.com
.livejournal.com
.mailchimp.com
.oracle.com
.sourceforge.net
.wordpress.org
.verizon.com
.wondershare.com
.rediff.com
.bitly.com
.shopify.com
.nvidia.com
.lenovo.com
.qualtrics.com
.asus.com
.newegg.com
.flaticon.com
.mail.aol.com
.developers.facebook.com
.techradar.com
.dafont.com
.go.com
.constantcontact.com
.online-convert.com
.howtogeek.com
.mega.nz
.intel.com
.pcmag.com
.groups.google.com
.ibm.com
.flickr.com
.cisco.com
.convertio.co
.utorrent.com
.custhelp.com
.developer.apple.com
.xero.com
.gtmetrix.com
.meetup.com
.download.cnet.com
.smartsheet.com
.pixlr.com
.python.org
.engadget.com
.myway.com
.avg.com
.freshdesk.com
.prezi.com
.bongacams.com
.internetdownloadmanager.com
.viber.com
.mcafee.com
.tagged.com
.docs.oracle.com
.4shared.com
.ieee.org
.icims.com
.hostgator.com
.scratch.mit.edu
.namecheap.com
.avast.com
.tomshardware.com
.bluestacks.com
.successfactors.com
.eset.com
.lifewire.com
.inmotionhosting.com
.opera.com
.android.com
.store.apple.com
.wired.com
.statcounter.com
.aweber.com
.badoo.com
.sap.com
.okcupid.com
.filehippo.com
.techcrunch.com
.tableau.com
.java.com
.developer.android.com
.mashable.com
.easeus.com
.sketchup.com
.zamzar.com
.last.fm
.ieeexplore.ieee.org
.uploaded.net
.codecademy.com
.basecamp.com
.domaintools.com
.mail.com
.1fichier.com
.tp-link.com
.kaspersky.com
.myspace.com
.xing.com
.nic.ir
.docusign.com
.mapquest.com
.codepen.io
.quickbooks.intuit.com
.toggl.com
.xda-developers.com
.pdf2doc.com
.vmware.com
.classlink.com
.cox.net
.ecwid.com
.ahrefs.com
.hkgolden.com
.softpedia.com
.kaggle.com
.bitbucket.org
.amd.com
.powerschool.com
.windowscentral.com
.myfonts.com
.apache.org
.digitalocean.com
.rackspace.com
.1001fonts.com
.getbootstrap.com
.tinyurl.com
.androidauthority.com
.groupme.com
.techtarget.com
.c-sharpcorner.com
.techspot.com
.sejda.com
.logitech.com
.tweetdeck.twitter.com
.videolan.org
.freepdfconvert.com
.php.net
.sodapdf.com
.bittorrent.com
.typepad.com
.acer.com
.ning.com
.codeproject.com
.ubuntu.com
.pdfescape.com
.macrumors.com
.hubpages.com
.techsmith.com
.redhat.com
.mindbodyonline.com
.arduino.cc
.zdnet.com
.elementor.com
.nttdocomo.co.jp
.wikidot.com
.ondemand.com
.plus.google.com
.centurylink.com
.microcenter.com
.laptopmag.com
.computerhope.com
.libsyn.com
.photobucket.com
.opensubtitles.org
.netgear.com
.mysql.com
.moz.com
.hi5.com
.foursquare.com
.ableton.com
.wpbeginner.com
.freedownloadmanager.org
.conduit.com
.siteground.com
.ipage.com
.blender.org
.movavi.com
.arstechnica.com
.mysearch.com
.androidcentral.com
.info.com
.sedo.com
.my.yahoo.com
.nest.com
.downloadcenter.intel.com
.sharefile.com
.bitrix24.com
.proquest.com
.ablebits.com
.virustotal.com
.secondlife.com
.smugmug.com
.sciencedaily.com
.pydata.org
.winzip.com
.exacttarget.com
.git-scm.com
.1001freefonts.com
.networksolutions.com
.loc.gov
.netvibes.com
.tineye.com
.wrike.com
.onlineocr.net
.stumbleupon.com
.autoblog.com
.raspberrypi.org
.spokeo.com
.pantheon.io
.newrelic.com
.fontsquirrel.com
.wufoo.com
.yoast.com
.similarweb.com
.telstra.com.au
.animoto.com
.freshbooks.com
.earthlink.net
.nodejs.org
.awwwards.com
.naturalreaders.com
.sophos.com
.bitdefender.com
.zoominfo.com
.turbosquid.com
.usertesting.com
.proprofs.com
.akamai.com
.pcworld.com
.support.mozilla.org
.afternic.com
.wolframalpha.com
.iconfinder.com
.w3.org
.recurly.com
.talentlms.com
.geogebra.org
.djangoproject.com
.epson.com
.kinsta.com
.cyberlink.com
.podio.com
.thenounproject.com
.avira.com
.getfireshot.com
.drivereasy.com
.foxitsoftware.com
.newgrounds.com
.thenextweb.com
.ingrammicro.com
.sitepoint.com
.gimp.org
.hightail.com
.babylon.com
.icons8.com
.wall.alphacoders.com
.css-tricks.com
.excel-easy.com
.wacom.com
.colorlib.com
.iminent.com
.whatismyip.com
.heroku.com
.gutenberg.org
.thewindowsclub.com
.telerik.com
.notepad-plus-plus.org
.mxtoolbox.com
.bigcommerce.com
.dyndns.org
.gmx.com
.seagate.com
.sage.com
.acm.org
.cplusplus.com
.litmos.com
.benchmarkemail.com
.namepros.com
.creately.com
.opendns.com
.pageuppeople.com
.anandtech.com
.postgresql.org
.skylinewebcams.com
.alternativeto.net
.elegantthemes.com
.imore.com
.shaw.ca
.macworld.co.uk
.digicert.com
.noip.com
.reverbnation.com
.androidpolice.com
.npmjs.com
.sas.com
.citrix.com
.roboform.com
.bookbub.com
.joomla.org
.computerworld.com
.chromium.org
.parallels.com
.mypoints.com
.native-instruments.com
.worldpay.com
.aptoide.com
.acronis.com
.dreamhost.com
.nch.com.au
.pdftoword.com
.nexcess.net
.questionpro.com
.infosys.com
.eclipse.org
.typeracer.com
.freeimages.com
.cpanel.net
.tsheets.com
.sublimetext.com
.renweb.com
.searchenginejournal.com
.domain.com
.tensorflow.org
.dll-files.com
.whoer.net
.online-tech-tips.com
.westerndigital.com
.touchnet.com
.downloadhelper.net
.libreoffice.org
.algolia.com
.pingidentity.com
.gravatar.com
.cooltext.com
.macworld.com
.capterra.com
.nist.gov
.airdroid.com
.projects.zoho.com
.alot.com
.ckeditor.com
.guru3d.com
.appleinsider.com
.skyrock.com
.devexpress.com
.designcrowd.com
.inboxdollars.com
.freedcamp.com
.virtualbox.org
.eloqua.com
.studiopress.com
.jsonformatter.curiousconcept.com
.nginx.com
.random.org
.aconvert.com
.yummly.com
.golang.org
.cloudways.com
.volusion.com
.linode.com
.geni.com
.volusion.com
.centos.org
.iplocation.net
.androidfilehost.com
.campaignmonitor.com
.procore.com
.daz3d.com
.veeam.com
.wipro.com
.fossil.com
.steelseries.com
.free-power-point-templates.com
.asp.net
.gravityforms.com
.majorgeeks.com
.hackaday.com
.debian.org
.evite.com
.fortinet.com
.7-zip.org
.gnu.org
.crucial.com
.intodns.com
.asrock.com
.ip2location.com
.iplocation.net
.sendpulse.com
.trafficg.com
.ultratools.com
.cdw.com
.majorgeeks.com
.tomtom.com
.klipfolio.com
.rosettastone.com
.avalara.com
.inkscape.org
.asrock.com
.slidemodel.com
.sslshopper.com
.winscp.net
.howtoforge.com
.kriesi.at
.search.aol.com
.javascript.info
.jsbin.com
.gotomypc.com
.jsfiddle.net
.grasshopper.com
.kali.org
.copyblogger.com
.realpage.com
.cio.com
.authorstream.com
.epochconverter.com
.torproject.org
.w3layouts.com
.neopets.com
.escrow.com
.paloaltonetworks.com
.sendgrid.com
.whatsmydns.net
.huffingtonpost.com
.about.com
.nngroup.com
.serif.com
.he.net
.reallusion.com
.register.com
.techmeme.com
.caniuse.com
.stellarinfo.com
.addons.mozilla.org
.solidworks.com
.jqueryui.com
