.site
.stackoverflow.com
.udemy.com
.coursera.org
.archive.org
.nlm.nih.gov
.blackboard.com
.investopedia.com
.goodreads.com
.thesaurus.com
.cambridge.org
.dictionary.cambridge.org
.mit.edu
.wordreference.com
.merriam-webster.com
.elsevier.com
.wiktionary.org
.harvard.edu
.edx.org
.thefreedictionary.com
.britannica.com
.jnu.edu.cn
.urbandictionary.com
.ecollege.com
.szu.edu.cn
.stanford.edu
.yourdictionary.com
.collegeboard.org
.linguee.com
.ed.gov
.spanishdict.com
.faradars.org
.turnitin.com
.oup.com
.jhu.edu
.cornell.edu
.tableau.com
.sjtu.edu.cn
.whitepages.com
.en.wiktionary.org
.answers.yahoo.com
.psu.edu
.cuny.edu
.mindmeister.com
.berkeley.edu
.asu.edu
.mapquest.com
.howstuffworks.com
.udacity.com
.purdue.edu
.utoronto.ca
.powerthesaurus.org
.thoughtco.com
.usg.edu
.yellowpages.com
.typingclub.com
.umich.edu
.usc.edu
.columbia.edu
.illinois.edu
.ubc.ca
.upenn.edu
.tureng.com
.nyu.edu
.ldoceonline.com
.moodle.org
.ucla.edu
.wisc.edu
.unisa.ac.za
.masterclass.com
.cmu.edu
.commonapp.org
.utexas.edu
.colorado.edu
.exlibrisgroup.com
.ebscohost.com
.answers.com
.nus.edu.sg
.fsu.edu
.du.ac.in
.unimelb.edu.au
.scholastic.com
.up.ac.za
.lynda.com
.citationmachine.net
.tamu.edu
.dict.leo.org
.ets.org
.ucf.edu
.utah.edu
.ratemyprofessors.com
.oxfordlearnersdictionaries.com
.ucsd.edu
.ufl.edu
.duke.edu
.shabdkosh.com
.aiou.edu.pk
.vu.edu.pk
.ignou.ac.in
.dict.cc
.plos.org
.uh.edu
.alison.com
.gatech.edu
.bu.edu
.ucdavis.edu
.zju.edu.cn
.washington.edu
.yale.edu
.worldcat.org
.osu.edu
.umd.edu
.pitt.edu
.msu.edu
.loc.gov
.rutgers.edu
.ox.ac.uk
.ut.ac.ir
.usp.br
.justanswer.com
.unc.edu
.stumbleupon.com
.arizona.edu
.deakin.edu.au
.brainyquote.com
.northwestern.edu
.deakin.edu.au
.ntu.edu.sg
.macmillandictionary.com
.ugm.ac.id
.openstreetmap.org
.uj.ac.za
.byu.edu
.k12.com
.uq.edu.au
.mcgill.ca
.bartleby.com
.time.is
.cam.ac.uk
.vccs.edu
.fafsa.ed.gov
.uci.edu
.uwaterloo.ca
.w3.org
.worldtimebuddy.com
.wipo.int
.unsw.edu.au
.wits.ac.za
.snhu.edu
.gsu.edu
.sfu.ca
.uchicago.edu
.ryerson.ca
.wgu.edu
.hbs.edu
.oclc.org
.vt.edu
.umass.edu
.usf.edu
.sydney.edu.au
.ethz.ch
.iastate.edu
.uct.ac.za
.lpu.in
.fiu.edu
.rmit.edu.au
.hawaii.edu
.tsinghua.edu.cn
.timeshighereducation.com
.csun.edu
.ist.psu.edu
.princeton.edu
.undip.ac.id
.qut.edu.au
.gmu.edu
.fau.edu
.cpp.edu
.ncsu.edu
.ocw.mit.edu
.queensu.ca
.flvs.net
.uic.edu
.laccd.edu
.cambridgeenglish.org
.ed.ac.uk
.qu.edu.qa
.yonsei.ac.kr
.virginia.edu
.concordia.ca
.ku.dk
.ualberta.ca
.utdallas.edu
.rochester.edu
.whu.edu.cn
.ecnu.edu.cn
.dict.longdo.com
.suny.edu
.ulaval.ca
.ui.ac.id
.nwu.ac.za
.dartmouth.edu
.unimi.it
.ku.edu
.colostate.edu
.emory.edu
.northeastern.edu
.uga.edu
.fordham.edu
.oregonstate.edu
.hku.hk
.iitb.ac.in
.simple.wikipedia.org
.law.cornell.edu
.sjsu.edu
.biography.com
.kcl.ac.uk
.ub.ac.id
.gwu.edu
.iitk.ac.in
.umontreal.ca
.wustl.edu
.curtin.edu.au
.liberty.edu
.si.edu
.uwo.ca
.kth.se
.definitions.net
.ucas.com
.uconn.edu
.unl.edu
.vanderbilt.edu
.sun.ac.za
.wsu.edu
.tudelft.nl
.ucalgary.ca
.warwick.ac.uk
.waldenu.edu
.nd.edu
.kuleuven.be
.act.org
.ucsb.edu
.schoolmessenger.com
.archives.gov
.sdsu.edu
.georgetown.edu
.mq.edu.au
.stonybrook.edu
.tongji.edu.cn
.ruc.edu.cn
.u-tokyo.ac.jp
.uts.edu.au
.buaa.edu.cn
.unm.edu
.mahidol.ac.th
.eric.ed.gov
.gcu.edu
.open.ac.uk
.buffalo.edu
.mylife.com
.uvic.ca
.wikiquote.org
.fullerton.edu
.ucsf.edu
.uc.edu
.luc.edu
.ucl.ac.uk
.sc.edu
.africau.edu
.vit.ac.in
.sfsu.edu
.uhi.ac.uk
.gdut.edu.cn
.anl.az
.maps.google.com
.uiowa.edu
.xmu.edu.cn
.univie.ac.at
.valenciacollege.edu
.vcu.edu
.apexlearning.com
.epochconverter.com
.vu.edu.au
.temple.edu
.wayne.edu
.usac.edu.gt
.agendaweb.org
.au.dk
.cuhk.edu.hk
.epfl.ch
.njust.edu.cn
.nngroup.com
.seslisozluk.net
.ucr.edu
.humber.ca
.iitm.ac.in
.geoguessr.com
.nankai.edu.cn
.princetonreview.com
.uky.edu
.iitkgp.ac.in
.ut.ac.id
.princetonreview.com
.latrobe.edu.au
.griffith.edu.au
.mappy.com
.uillinois.edu
.binus.ac.id
.syr.edu
.lsu.edu
.encyclopedia.com
.rit.edu
.ust.hk
.quia.com
.csu.edu.cn
.ucsc.edu
.baylor.edu
.cityu.edu.hk
.herzen.spb.ru
.brown.edu
.insidehighered.com
.carleton.ca
.uow.edu.au
.unipune.ac.in
.manchester.ac.uk
.towson.edu
.miami.edu
.ou.edu
.leeds.ac.uk
.hccs.edu
.ibo.org
.chula.ac.th
.nottingham.ac.uk
.american.edu
.lse.ac.uk
.smu.edu.sg
.mcmaster.ca
.tufts.edu
.metmuseum.org
.chapman.edu
.mba.com
.okstate.edu
.uitm.edu.my
.yellowpages.ca
.rice.edu
.imperial.ac.uk
.depaul.edu
.keio.ac.jp
.lumosity.com
.rug.nl
.unisa.edu.au
.adelaide.edu.au
.uottawa.ca
.experts-exchange.com
.kent.edu
.rug.nl
.iitd.ac.in
.listal.com
.keio.ac.jp
.albany.edu
.miamioh.edu
.clemson.edu
.cccd.edu
.unisa.edu.au
.txstate.edu
.mun.ca
.uoa.gr
.sbu.ac.ir
.kyoto-u.ac.jp
.universityofcalifornia.edu
.utsa.edu
.uu.se
.centennialcollege.ca
.blcu.edu.cn
.imperial.ac.uk
.bcit.ca
.ukzn.ac.za
.aut.ac.ir
.acu.edu.au
.udel.edu
.moma.org
.auth.gr
.newcastle.edu.au
.toolbox.com
.local.ch
.kanazawa-u.ac.jp
.rsl.ru
.ua.edu
.zotero.org
.dtu.dk
.bibsonomy.org
.lsac.org
.maricopa.edu
.caltech.edu
.upv.es
.kfupm.edu.sa
.senecacollege.ca
.usask.ca
.sdu.dk
.case.edu
.utk.edu
.gla.ac.uk
.qmul.ac.uk
.csulb.edu
.uvu.edu
.maine.edu
.cu.edu.eg
.csu.edu.au
.cs.cmu.edu
.unt.edu
.uclouvain.be
.umanitoba.ca
.mapsofworld.com
.ufs.ac.za
.yellowpages.com.eg
.onlineclock.net
.georgebrown.ca
.niu.edu
.mobymax.com
.savvytime.com
.up.pt
.austincc.edu
.aau.edu.et
.cumt.edu.cn
.cmb.ac.lk
.anu.edu.au
.tu-dortmund.de
.uni-hannover.de
.phoenix.edu
.uoregon.edu
.kennesaw.edu
.unpad.ac.id
.nau.edu
.abbreviations.com
.tangorin.com
.nctu.edu.tw
.boun.edu.tr
.physicsclassroom.com
.kuk.ac.in
.rasmussen.edu
.ohio.edu
.shufe.edu.cn
.cau.ac.kr
.mtu.edu
.mdc.edu
.zip-codes.com
.whatis.techtarget.com
.utep.edu
.pace.edu
.binghamton.edu
.imu.edu.cn
.ttu.edu
.mans.edu.eg
.utrgv.edu
.aktu.ac.in
.strath.ac.uk
.edmentum.com
.ecu.edu.au
.bsu.by
.utar.edu.my
.uwc.ac.za
.itba.edu.ar
.missouri.edu
.ala.org
.findaphd.com
.iust.ac.ir
.almanac.com
.pdx.edu
.ritsumei.ac.jp
.odu.edu
.uab.edu
.savethestudent.org
.usm.my
.aust.edu.cn
.ukm.my
.umassonline.net
.umuc.edu
.uoguelph.ca
.amity.edu
.edutopia.org
.pdx.edu
.odu.edu
.savethestudent.org
.ivc.edu
.nmims.edu
.wbur.org
.umuc.edu
.uwc.ac.za
.waseda.jp
.pw.edu.pl
.umassonline.net
.auburn.edu
.um.edu.my
.uta.edu
.smc.edu
.ru.nl
.usfca.edu
.svuonline.org
.titech.ac.jp
.utm.my
.pagalguy.com
.hacc.edu
