c3sl.ufpr.br
cc.in2p3.fr
crucial.com.au
cu.be
datto.com
dfw.mirror.rackspace.com
distrib-coffee.ipsl.jussieu.fr
dotsrc.org
download-cc-rdu01.fedoraproject.org
download-ib01.fedoraproject.org
download.nus.edu.sg
easyspeedy.com
epel.mirror.angkasa.id
epel.mirror.liteserver.nl
fedora.c3sl.ufpr.br
fedora.cs.nctu.edu.tw
fedora.cu.be
fedora-epel.mirror.iweb.com
fedora.inode.at
fedora.ip-connect.info
fedora.ip-connect.vn.ua
fedora.ipserverone.com
fedora.is.co.za
fedora.mirror.angkasa.id
fedora.mirror.constant.com
fedora.mirror.digitalpacific.com.au
fedora.mirror.garr.it
fedora.mirror.gtcomm.net
fedora.mirror.iweb.com
fedora.mirror.liquidtelecom.com
fedora.mirror.liteserver.nl
fedora.mirror.root.lu
fedora.mirrors.telekom.ro
fedora.mirrors.theom.nz
fedora.mirror.wearetriple.com
fedora.tu-chemnitz.de
fr2.rpmfind.net
ftp.acc.umu.se
ftp.cse.buffalo.edu
ftp.cuhk.edu.hk
ftp.dei.uc.pt
ftp.fau.de
ftp.fi.muni.cz
ftp.icm.edu.pl
ftp.iij.ad.jp
ftp.iinet.net.au
ftp.itu.edu.tr
ftp.jaist.ac.jp
ftp.lip6.fr
ftp.lysator.liu.se
ftp.man.poznan.pl
ftp.nluug.nl
ftp.otenet.gr
ftp.plusline.net
ftp.riken.jp
ftp-stud.hs-esslingen.de
ftp.sun.ac.za
ftp.swin.edu.au
ftp.tudelft.nl
ftp.udl.es
ftp.uma.es
ftp.uni-kl.de
ftp.upcnet.ro
ftp.upjs.sk
ftp.usf.edu
ftp.wrz.de
ftp.yz.yamagata-u.ac.jp
global.bfsu.edu.cn
hkg.mirror.rackspace.com
ia64-linux.org
iad.mirror.rackspace.com
irtic.uv.es
kambing.ui.edu
library.ucy.ac.cy
linus.iyte.edu.tr
linuxsoft.cern.ch
lon.mirror.rackspace.com
lug.mtu.edu
mirror1.cl.netactuate.com
mirror1.ku.ac.th
mirror.23media.com
mirror2.hs-esslingen.de
mirror2.totbb.net
mirror.aarnet.edu.au
mirror.arizona.edu
mirror.as24220.net
mirror.atl.genesisadaptive.com
mirror.bytemark.co.uk
mirror.cc.vt.edu
mirror.cedia.org.ec
mirror.chpc.utah.edu
mirror.crucial.com.au
mirror.csclub.uwaterloo.ca
mirror.cs.pitt.edu
mirror.datto.com
mirror.de.leaseweb.net
mirror.dogado.de
mirror.dst.ca
mirror.easyspeedy.com
mirror.etf.bg.ac.rs
mirror.ette.biz
mirror.euserv.net
mirror.globo.com
mirror.hoster.kz
mirror.in2p3.fr
mirror.infonline.de
mirror.init7.net
mirror.inode.at
mirror.isoc.org.il
mirror.its.dal.ca
mirror.karneval.cz
mirror.lax.genesisadaptive.com
mirror.library.ucy.ac.cy
mirror.linux-ia64.org
mirror.lzu.edu.cn
mirrormanager.readthedocs.org
mirrormanager.rtfd.org
mirror.math.princeton.edu
mirror.metrocast.net
mirror.mrjester.net
mirror.netsite.dk
mirror.nl.leaseweb.net
mirror.nodesdirect.com
mirror.nonstop.co.il
mirror.optus.net
mirror.oss.ou.edu
mirror.ox.ac.uk
mirror.prgmr.com
mirror.ps.kz
mirror.rnet.missouri.edu
mirrors.163.com
mirrors.bfsu.edu.cn
mirrors.chroot.ro
mirrors.dotsrc.org
mirror.serverion.com
mirror.sfo12.us.leaseweb.net
mirror.siena.edu
mirrors.ircam.fr
mirrors.kernel.org
mirrors.liquidweb.com
mirror.slu.cz
mirrors.lug.mtu.edu
mirrors.mit.edu
mirrors.nav.ro
mirrors.netix.net
mirrors.nipa.cloud
mirrors.n-ix.net
mirrors.njupt.edu.cn
mirrors.oit.uci.edu
mirror.speedpartner.de
mirrors.pt
mirrors.rit.edu
mirrors.syringanetworks.net
mirror.steadfastnet.com
mirrors.tuna.tsinghua.edu.cn
mirrors.ucr.ac.cr
mirror.sucs.org
mirrors.uni-ruse.bg
mirrors.up.pt
mirrors.xmission.com
mirror.szerverem.hu
mirror.umd.edu
mirror.us-midwest-1.nexcess.net
mirror.uta.edu.ec
mirror.uv.es
mirror.vcu.edu
mirror.veriteknik.net.tr
mirror.web-ster.com
mirror.xeonbd.com
mirror.yandex.ru
mirror.zetup.net
mrjester.net
nodesdirect.com
ord.mirror.rackspace.com
packages.oit.ncsu.edu
pubmirror1.math.uh.edu
pubmirror2.math.uh.edu
root.lu
rpmfind.net
sipb.mit.edu
sucs.org
syd.mirror.rackspace.com
szerverem.hu
ucmirror.canterbury.ac.nz
www.aarnet.edu.au
www.acc.umu.se
www.angkasa.net.id
www.bytemark.co.uk
www.canbytel.com
www.cedia.org.ec
www.chpc.utah.edu
www.constant.com
www.cse.buffalo.edu
www.cs.pitt.edu
www.cuhk.edu.hk
www.dal.ca
www.dei.uc.pt
www.digitalpacific.com.au
www.euserv.com
www.fau.de
www.fedora.is
www.fi.muni.cz
www.garr.it
www.globo.com
www.gtcomm.net
www.hostcentral.net.au
www.hs-esslingen.de
www.icm.edu.pl
www.icts.canterbury.ac.nz
www.iij.ad.jp
www.iinet.net.au
www.ipsl.jussieu.fr
www.ircam.fr
www.is.co.za
www.itu.edu.tr
www.iweb.com
www.iyte.edu.tr
www.jaist.ac.jp
www.leaseweb.com
www.linux.ncsu.edu
www.lip6.fr
www.liquidweb.com
www.lysator.liu.se
www.man.poznan.pl
www.math.princeton.edu
www.metrocast.com
www.mirrorservice.org
www.nic.funet.fi
www.n-ix.net
www.nluug.nl
www.nonstop.co.il
www.optuszoo.com.au
www.otenet.gr
www.ou.edu
www.prgmr.com
www.redhat.com
www.riken.jp
www.rit.edu
www.slu.cz
www.speedpartner.de
www.syringanetworks.net
www.tot.co.th
www.tsinghua.edu.cn
www.tu-chemnitz.de
www.tudelft.nl
www.uci.edu
www.ucr.ac.cr
www.udl.cat
www.uma.es
www.uni-kl.de
www.uni-ruse.bg
www.upc.at
www.upc.ro
www.upjs.sk
www.up.pt
www.uta.edu.ec
www.vt.edu
www.xmission.com
www.yamagata-u.ac.jp
www.yandex.com
www.zetup.se
