.paypal.com
.chase.com
.wellsfargo.com
.hdfcbank.com
.icicibank.com
.capitalone.com
.bankofamerica.com
.adp.com
.td.com
.americanexpress.com
.discover.com
.usbank.com
.axisbank.com
.scotiabank.com
.commbank.com.au
.rbcroyalbank.com
.jpmorganchase.com
.usaa.com
.ccavenue.com
.creditcards.chase.com
.hangseng.com
.fnb.co.za
.cibc.com
.techcrunch.com
.nbg.gr
.bmo.com
.tdbank.com
.bankrate.com
.kaiserpermanente.org
.ubs.com
.westernunion.com
.eurobank.gr
.cybersource.com
.dnb.com
.anz.com
.ally.com
.nab.com.au
.geico.com
.westpac.com.au
.ml.com
.ziraatbank.com.tr
.wmtransfer.com
.regions.com
.progressive.com
.statefarm.com
.isbank.com.tr
.dbs.com
.kapitalbank.az
.sbi.co.in
.anz.com.au
.desjardins.com
.experian.com
.kbstar.com
.xoom.com
.bsi.ir
.indusind.com
.online.citibank.co.in
.standardbank.co.za
.allstate.com
.huntington.com
.yesbank.in
.paychex.com
.morganstanley.com
.bbt.com
.cigna.com
.authorize.net
.53.com
.prnewswire.com
.hsbc.com
.canarabank.in
.bankofindia.com
.aetna.com
.key.com
.jpmorgan.com
.icbc.com.cn
.alrajhibank.com.sa
.citibank.com
.fisglobal.com
.tangerine.ca
.wooribank.com
.equifax.com
.absa.co.za
.bni.co.id
.creditonebank.com
.anthem.com
.shinhan.com
.worldpay.com
.mtb.com
.visa.com
.neteller.com
.nbe.com.eg
.mastercard.com
.citibank.com.hk
.onlinecheckwriter.com
.rbi.org.in
.lendingtree.com
.cibeg.com
.credit-suisse.com
.citizensbank.com
.uob.com.sg
.akbank.com
.becu.org
.alahli.com
.nedbank.co.za
.aib.ie
.us.hsbc.com
.quickenloans.com
.nwolb.com
.db.com
.unionbankofindia.co.in
.mps.it
.firstdata.com
.libertymutual.com
.citigroup.com
.kasikornbank.com
.gs.com
.transunion.com
.fundsxpress.com
.stgeorge.com.au
.swedbank.ee
.pymnts.com
.escrow.com
.andhrabank.in
.pcfinancial.ca
.ncsecu.org
.kiplinger.com
.principal.com
.kiva.org
.moneygram.com
.moneris.com
.bmoharris.com
.365online.com
.salliemae.com
.paycor.com
.toyotafinancial.com
.bankofthewest.com
.mygreatlakes.org
.bankaustria.at
.nelnet.com
.penfed.org
.travelers.com
.americafirst.com
.farmers.com
.thehartford.com
.accountingcoach.com
.tcfbank.com
.2checkout.com
.tcmb.gov.tr
.nationwide.com
.efirstbank.com
.bankwest.com.au
.cbar.az
.prudential.com
.ibar.az
.seb.lt
.zawya.com
.merrickbank.com
.hondafinancialservices.com
.ccbill.com
.federalbank.co.in
.carecredit.com
.commercebank.com
.transamerica.com
.pashabank.az
.citibank.com.sg
.flagstar.com
.ameriprise.com
.massmutual.com
.manulife.com
.pnbindia.in
.hyperwallet.com
.sunlife.com
.bi.go.id
.humana.com
.metlife.com
.macquarie.com.au
.eab.com
.dcu.org
.adb.org
.bankofscotland.co.uk
.unitedbankofindia.com
.firstrepublic.com
.vsp.com
.northwesternmutual.com
.ktb.co.th
.hlb.com.my
.safeco.com
.gmfinancial.com
.svb.com
.bdc.ca
.bendigobank.com.au
.merchantmaverick.com
.mortgagecalculator.org
.cit.com
.nbk.com
.firstcitizens.com
.iadb.org
.indianbank.in
.banksepah.ir
.bcbsfl.com
.bcbsfl.com
.scb.co.th
.paycom.com
.newyorklife.com
.aon.com
.arvest.com
.sdccu.com
.ipipeline.com
.alexbank.com
.onemainfinancial.com
.hagerty.com
.zionsbank.com
.bndes.gov.br
.firsthorizon.com
.unitedhealthgroup.com
.seb.ee
.comerica.com
.chubb.com
.prosper.com
.ufcu.org
.southindianbank.com
.bcbs.com
.sequoiacap.com
.esurance.com
.rbfcu.org
.rbfcu.org
.swapalease.com
.bethpagefcu.com
.santanderconsumerusa.com
.mortgagenewsdaily.com
.woodforest.com
.centralbankofindia.co.in
.hkbea.com
.docmagic.com
.vancity.com
.unibank.az
.bankofbaku.com
.fanniemae.com
.hsbc.com.au
.ent.com
.unionbankph.com
.frostbank.com
.nlb.si
.citibank.com.my
.bluecross.ca
.vystarcu.org
.associatedbank.com
.golden1.com
.citibank.com.au
.rb.cz
.cua.com.au
.co-operativebank.co.uk
.golden1.com
.sunlife.ca
.bcbsm.com
.wallstreetprep.com
.suncoastcreditunion.com
.maybank.com.sg
.alaskausa.org
.ecb.europa.eu
.tdcanadatrust.com
.bankofcyprus.com
.sccu.com
.amfam.com
.nbc.ca
.bnymellon.com
.aflac.com
.barclays.com
.societegenerale.com
.spectrumequity.com
.petinsurance.com
.deltadental.com
.securitybank.com
.bvp.com
.mas.gov.sg
.cnb.com
.bannerbank.com
.aig.com
.housingwire.com
.metrobank.com.ph
.factset.com
.nabard.org
.guardianlife.com
.hkma.gov.hk
.esl.org
.e-xact.com
.insurancejournal.com
.ba.org.tw
.logixbanking.com
.bcentral.cl
.priorbank.by
.aami.com.au
.peoples.com
.boq.com.au
.surepayroll.com
.patelco.org
.equitable.com
.tdautofinance.com
.krungsri.com
.pscu.com
.coastcapitalsavings.com
.kfh.com
.iccu.com
.provequity.com
.healthypawspetinsurance.com
.mbfs.com
.datacash.com
.freddiemac.com
.lmcu.org
.fhb.com
.accessbank.az
.oldnational.com
.ssfcu.org
.boy.co.jp
.lfg.com
.easternbank.com
.midflorida.com
.afford.com
.hsbc.com.sg
.bcu.org
.amica.com
.karafarinbank.ir
.atb.com
.centrinvest.ru
.summitpartners.com
.uwcu.org
.clearcapital.com
.corpbank.com
.berkshirehathaway.com
.bcbsnc.com
.bcbsil.com
.columbiabank.com
.bot.or.th
.cbq.com.qa
.myconsumers.org
.redwoodcu.org
.unfcu.org
.ambankgroup.com
.nbrb.by
.members1st.org
.erieinsurance.com
.accel.com
.nationalgeneral.com
.macquarie.com
.psecu.com
.upromise.com
.opentuition.com
.wescom.org
.boh.com
.meridiancu.ca
.ucobank.com
.mutualofomaha.com
.edupristine.com
.chb.com.tw
.iob.in
.mcb.mu
.carefirst.com
.bocmacau.com
.banque-france.fr
.canadalife.com
.rba.gov.au
.banrep.gov.co
.mmc.com
.americanbanker.com
.heartlandpaymentsystems.com
.asbhawaii.com
.premera.com
.msci.com
.bellco.org
.raymondjames.com
.nsbank.com
.trupanion.com
.molinahealthcare.com
.greenshield.ca
.bluecrossma.com
.sfcu.org
.centralbank.net
.citibank.com.ph
.vcs.co.za
.msufcu.org
.coadvantage.com
.harel-group.co.il
.mandtbank.com
.provident.com
.calbanktrust.com
.burgan.com
.xalqbank.az
.bostonprivate.com
.savingforcollege.com
.iberiabank.com
.cbsl.gov.lk
.covantagecu.org
.ibx.com
.westlakefinancial.com
.webce.com
.wingsfinancial.com
.psbindia.com
.moneybookers.com
.bancorpsouth.com
.missionfed.com
.assurant.com
.statestreet.com
.freedomdebtrelief.com
.beanstream.com
.btb.az
.inecobank.am
.asia.ccb.com
.coastal24.com
.adbanker.com
.stcu.org
.kitces.com
.eastwestbank.com
.speedycash.com
.thegeneral.com
.iihs.org
.nbp.pl
.ing.com
.firstent.org
.sunlife.com.ph
.idbibank.com
.leaseplan.com
.umr.com
.elevationscu.com
.ta-retirement.com
.primerica.com
.verotel.com
.drivetime.com
.kbc.be
.fairwinds.org
.juliusbaer.com
.ocbc.com.my
.pnb.com.ph
.ceridian.com
.jewelersmutual.com
.karnatakabank.com
.bbvacompass.com
.nbtbank.com
.bankofireland.com
.bnpparibas.com
.ajg.com
.nbb.be
.zenginkyo.or.jp
.worksafe.qld.gov.au
.servicecu.org
.calcoastcu.org
.washingtonfederal.com
.iso.com
.vertafore.com
.secumd.org
.citibank.co.th
.hfcu.org
.georgiasown.org
.ab.bluecross.ca
.acams.org
.servus.ca
.fepblue.org
.medmutual.com
.starone.org
.dentalplans.com
.embracepetinsurance.com
.cashnetusa.com
.fhpl.net
.hanmi.com
.campuscu.com
.ebrd.com
.permanenttsb.ie
.fnbnamibia.com.na
.bcbst.com
.pinnbank.com
.busey.com
.fa-mag.com
.cuofco.org
.icmarc.org
.purduefed.com
.cimbbank.com.my
.cfnc.org
.marsh.com
.hays.com
.rwbaird.com
.kohlercu.com
.nymcu.org
.financial-planning.com
.affinityfcu.org
.providentcu.org
.prosperitybankusa.com
.ubt.com
.bnu.com.mo
.ornlfcu.com
.wawanesa.com
.wsecu.org
.cooperators.ca
.southcarolinablues.com
.pncbank.com
.healthplanofnevada.com
.virginmoney.com.au
.fticonsulting.com
.cutx.org
.aspcapetinsurance.com
.pacificservice.org
.newcastlepermanent.com.au
