# Blacklist for adult and porn content
.site
.xvideos.com
.xnxx.com
.chaturbate.com
.youporn.com
.youtporn.com
.livejasmin.com
.4chan.org
.bongacams.com
.nhentai.net
.adultfriendfinder.com
.fetlife.com
.cam4.com
.nudevista.com
.spankwire.com
.liveleak.com
.furaffinity.net
.clips4sale.com
.planetsuzy.org
.ebaumsworld.com
.literotica.com
.porn.com
.adam4adam.com
.gayboystube.com
.iafd.com
.fling.com
.gfy.com
.hentai2read.com
.sofurry.com
.hentai-foundry.com
.adultdvdempire.com
.freeones.com
.eros.com
.luscious.net
.mrskin.com
.flirt4free.com
.f-list.net
.vintage-erotica-forum.com
.mrporngeek.com
.squirt.org
.cams.com
.fabswingers.com
.adameve.com
.imlive.com
.streamate.com
.sdc.com
.niteflirt.com
.oglaf.com
.manhunt.net
.avn.com
.asstr.org
.thehun.net
.adultdvdtalk.com
.playboy.com
.escort-ireland.com
.voyeurweb.com
.nifty.org
.adultwork.com
.benaughty.com
.awempire.com
.buttsmithy.com
.xbiz.com
.digitalplayground.com
.private.com
.cliphunter.com
.fleshlight.com
.eroticmedia.com
.tgcomics.com
.celebritymoviearchive.com
.ftvgirls.com
.collarspace.com
.swinglifestyle.com
.joerogan.net
.sextvx.com
.alotporn.com
.scoreland.com
.worldsex.com
.dudesnude.com
.inkbunny.net
.chat-avenue.com
.femjoy.com
.edenfantasys.com
.lushstories.com
.fakku.net
.gamelink.com
.bdsmstreak.com
.suicidegirls.com
.belamionline.com
.xcams.com
.alsscan.com
.aventertainments.com
.inthecrack.com
.jlist.com
.hentairules.net
.mikesouth.com
.gaytube.com
.wickedweasel.com
.videobox.com
.thepornlist.net
.pinkcherry.com
.esa.co.za
.recon.com
.fux.com
.aebn.net
.awal.com
.sexintheuk.com
.renderotica.com
.thebestfetishsites.com
.taschen.com
.onlydudes.com
.penthouse.com
.tblop.com
.devilsfilm.com
.jackinchat.com
.liberator.com
.nakednews.com
.asexstories.com
.meo.de
.mplstudios.com
.blacksonblondes.com
.rainbowdepot.com
.eroticillusions.com
.extremerestraints.com
.peachyforum.com
.abbywinters.com
.exmasters.com
.rabbitsreviews.com
.lucasentertainment.com
.stripperweb.com
.gaydemon.com
.ultra-pornstars.com
.goodvibes.com
.fritchy.com
.documentingreality.com
.mr-s-leather.com
.myfriendsfeet.com
.eroticasearch.net
.dofantasy.com
.boysfood.com
.jadedvideo.com
.faapy.com
.mattsmodels.com
.somethingpositive.net
.linkshit.com
.sexstoriespost.com
.sapphicerotica.com
.mcstories.com
.payserve.com
.zizki.com
.lovehoney.co.uk
.wholesale-sex-toys.net
.redhotpie.com.au
.lovehoney.co.uk
.zizki.com
.latinboyz.com
.hogtied.com
.adultspace.com
.sexyjobs.com
.sucksex.com
.link-o-rama.com
.eunuch.org
.clubseventeen.com
.sleepyboy.com
.persiankitty.com
.naughtyallie.com
.southern-charms.com
.adultemart.com
.goaskalice.columbia.edu
.redvelvet.co.za
.bilatinmen.com
.gayromeo.com
.tlavideo.com
.porn365.com
.wifelovers.com
.maturekingdom.com
.indiansexstories.net
.babeland.com
.jokeroo.com
.maturekingdom.com
.indiansexstories.net
.burningangel.com
.bdsmlibrary.com
.tootimid.com
.sucksex.com
.hustler.com
.blissbox.com
.webcams.com
.malespank.net
.manjam.com
.rude.com
.amateurcool.com
.adultdvdmarketplace.com
.newzealandgirls.co.nz
.lingeriediva.com
.ynot.com
.dirtydatinglive.com
.hedonism.com
.javmodel.com
.datinggold.com
.myfreesexstore.com
.hunterscash.com
.williamhiggins.com
.dirtydatinglive.com
.nakedsword.com
.roccosiffredi.com
.oldspunkers.com
.datinggold.com
.williamhiggins.com
.myfreesexstore.com
.gaytimes.co.uk
.asacp.org
.odloty.pl
.annsummers.com
.sunnyleone.com
.evastoys.eu
.stockroom.com
.wifeysworld.com
.al4a.com
.hentaihere.com
.peepholecam.com
.findsomeone.co.nz
.spicymatch.com
.rockettube.com
.realdoll.com
.hqpornlinks.com
.nudeafrica.com
.loverslane.com
.actual-porn.org
.atkexotics.com
.sportsheets.com
.loverspackage.com
.orgymania.net
.adultwebmasters.org
.dubiobikinis.com
.menonthenet.com
.jastusa.com
.uberkinky.co.uk
.smpixie.com
.sharinanicole.com
.serious-cash.com
.tuscl.net
.wickedtemptations.com
.biggercity.com
.jabcomix.com
.asianscreens.com
.excaliburfilms.com
.sex-library.com
.lovedreamer.com
.sexycaracas.com
.angelsoflondon.com
.kristenbjorn.com
.fantasyfeeder.com
.spankthis.com
.sponsorchat.com
.thevalkyrie.com
.nakedtube.com
.femaledom.com
.kellymadison.com
.drnights.com
.thatmall.com
.rgsex.com
.crazyxxx3dworld.com
.swingingheaven.ca
.darwinescorts.com.au
.teendreams.com
.sybian.com
.transformation.co.uk
.3pornstarmovies.com
.tubeteencam.com
.fetishhits.com
.swingersclublist.com
.adultshop.com.au
.punterlink.co.uk
.sextracker.com
.freespeechcoalition.com
.ladirectmodels.com
.uncutdvds.com.au
.1by-day.com
.romanticdepot.com
.catfight.com
.stagshop.com
.thebestporn.com
.eroticstories.menonthenet.com
.booklocker.com
.dollforum.com
.transfur.com
.my-local-escorts.co.uk
.lustomic.com
.swingtowns.com
.clubx.com.au
.nitrovideo.com
.web750.com
.yourfreeporn.tv
.escortstoplist.com
.naturegirls.com
.665leather.com
.darkwanderer.net
.amateurindex.com
.smutjunkies.com
.femplay.com.au
.wtfpeople.com
.boyfun.com
.popporn.com
.weasyl.com
.fyeo.co.uk
.truthordarepics.com
.smokesigs.com
.saxleather.com.au
.sex-lexis.com
.karupspc.com
.bondage.com
.nude-in-public.com
.playvid.com
.tsunami-cash.com
.bettiepage.com
.sexualityresources.com
.swingular.com
.eroxia.com
.likemynudebody.com
.mtjpub.com
.bdsm-gear.com
.funnyadultgamesplay.com
.annas-angels.co.uk
.black-tgirls.com
.hqseek.com
.glamourboutique.com
.ovniwholesale.com
.freefuckvidz.com
.bdsmcafe.com
.jag.hyperchat.com
.tabutoys.com
.firebirdleather.com
.kinseyinstitute.org
.misterb.com
.stats.dogfart.com
.honour.co.uk
.divaescort.com
.dickievirgin.com
.gaybondagefiction.com
.shopstarship.com
.cuckoldvideoclips.com
.wasteland.com
.mymasturbation.com
.dejavu.com
.transladyboy.com
.asianzilla.com
.jackstroker.com
.scarlettscabaret.com
.ebanned.net
.cherrygirls.co.uk
.toons-empire.com
.clubsissy.com
.xcritic.com
.palacevip.com
.venusenvy.ca
.buzzen.com
.brazilian-transsexuals.com
.goldengirls.net
.escort.cz
.london-independents.com
.ratemypoo.com
.mypleasure.com
.bambinodiapers.com
.somethingsexyplanet.com
.adultcrowd.com
.langtrees.com
.femdomcity.com
.sextoys247.net.au
.eroticstories.com
.brianspage.com
.houseofgord.com
.fetters.co.uk
.goodforher.com
.boobcritic.com
.girlvanic.com
.mmm100.com
.bushdvd.com
.hothouse.com
.targetescorts.com
.tinynibbles.com
.eurorevenue.com
.jodivine.com
.moreystudio.com
.ticklekitty.com
.adultwholesaledirect.com
.venusescorts.com
.drawn-hentai.com
.sextoys.co.uk
.comeasyouare.com
.happyherbcompany.com
.hubbahubba.com
.drjoelkaplan.com
.webnaughty.com
.altplayground.net
.sinclairinstitute.com
.nextglobalcrisis.com
.condomania.com
.smilingpussylinks.com
.early2bed.com
.gardenofedenescorts.com
.swingingheaven.za.com
.edengay.com
.cleopatraescorts.co.uk
.owk.cz
.suze.net
.2adultflashgames.com
.pabo.com
.eveknows.com
.hotspotsmagazine.com
.leatheretc.com
.night-day.co.uk
.swingingheaven.co.uk
.mycuteasian.com
.electriqueboutique.com
.sexcited.co.za
.ladyboytube.com
.selfservetoys.com
.fkk-artemis.de
.adultstaffing.com
.peternorth.com
.tgcaps.com
.kiwiswingers.co.nz
.rogreviews.com
.saafe.info
.tes.org
.aphrodite-agency.com
.pierresilber.com
.bilara.com
.redbridges.net
.hentai-cartoon-porn.org
.cathyscraving.com
.vividcash.com
.frugaldomme.com
.koalaswim.com
.wb270.com
.jbvideo.com
.eternitygirls.co.uk
.bootyparlor.com
.virtualfem.com
.comicshouse.com
.carmenssecrets.com
.eckie.com
.teasecomix.com
.candygirlcash.com
.webmastercentral.com
.thewatergarden.com
.sextoyzone.com
.funtasia.com.au
.cinemacult.com
.publicflash.com
.fuckingmachines.com
.theprivateaffair.com
.autographstore.com
.utahdollhouse.com
.mood-pictures.com
.priape.com
.projectvoyeur.com
.powershotz.com
.arterotic.bigtopsites.com
.redbridges.net
.topbucks.com
.bdsmforall.com
.linksonsex.com
.asianthumbs.org
.binarymooncomic.com
.sado.dk
.spearmintrhino.com
.paintoy.com
.eagleleather.com.au
.adultmatchmaker.com.au
.theredzone.com
.boundforum.com
.myfirsttime.com
.j-escorts.co.uk
.webyoung.com
.punternet.com
.sexualpositionsfree.com
.bdsmcircle.net
.kamasutra.com
.pepsaga.com
.shipinbottle.pepsaga.com
.collarncuffs.com
.clubeden.ca
.goldclubsf.com
.sexyshoes.com
.pantytrust.com
.sandysfantasies.com
.welcomed.com
.wantedlist.com
.sextoplist.com
.costaricavipparty.com
.handsfromheaven.ca
.thumbnailseries.com
.spieglergirls.com
.kenstwistedmind.com
.chathour.com
.thepinupfiles.com
.arentwenaughty.com
.asubmissivesjourney.com
.restrainedelegance.com
.drago99.com
.gay-ireland.com
.xhamster.com
.pornhub.com
.site
