.google.com
.youtube.com
.tmall.com
.baidu.com
.qq.com
.facebook.com
.sohu.com
.taobao.com
.360.cn
.yahoo.com
.jd.com
.amazon.com
.wikipedia.org
.sina.com.cn
.weibo.com
.zoom.us
.live.com
.reddit.com
.netflix.com
.xinhuanet.com
.okezone.com
.vk.com
.office.com
.instagram.com
.alipay.com
.csdn.net
.myshopify.com
.yahoo.co.jp
.microsoftonline.com
.bongacams.com
.twitch.tv
.zhanqi.tv
.panda.tv
.google.com.hk
.naver.com
.bing.com
.ebay.com
.aliexpress.com
.china.com.cn
.amazon.in
.tianya.cn
.tribunnews.com
.google.co.in
.amazon.co.jp
.livejasmin.com
.adobe.com
.chaturbate.com
.twitter.com
.apple.com
.yandex.ru
.stackoverflow.com
.pornhub.com
.aparat.com
.mail.ru
.linkedin.com
.huanqiu.com
.yy.com
.msn.com
.wordpress.com
.dropbox.com
.instructure.com
.17ok.com
.1688.com
.sogou.com
.imdb.com
.whatsapp.com
.google.co.jp
.google.com.br
.ok.ru
.google.cn
.mama.cn
.amazonaws.com
.etsy.com
.imgur.com
.jrj.com.cn
.rakuten.co.jp
.amazon.co.uk
.google.de
.espn.com
.cnn.com
.so.com
.kompas.com
.spotify.com
.github.com
.xvideos.com
.roblox.com
.babytree.com
.ettoday.net
.pixnet.net
.grid.id
.hao123.com
.amazon.de
.bbc.com
.nytimes.com
.canva.com
.thestartmagazine.com
.flipkart.com
.alibaba.com
.detik.com
.booking.com
.paypal.com
.fandom.com
.soundcloud.com
.cnblogs.com
.google.fr
.haosou.com
.google.ru
.freepik.com
.soso.com
.google.es
.indeed.com
.xhamster.com
.bilibili.com
.tumblr.com
.chase.com
.google.it
.gome.com.cn
.onlinesbi.com
.udemy.com
.6.cn
.tokopedia.com
.daum.net
.google.com.sg
.youm7.com
.zillow.com
.indiatimes.com
.walmart.com
.wetransfer.com
.office365.com
.okta.com
.aliyun.com
.google.com.tw
.tradingview.com
.speedtest.net
.digikala.com
.163.com
.nih.gov
.liputan6.com
.savefrom.net
.craigslist.org
.grammarly.com
.shutterstock.com
.bbc.co.uk
.rednet.cn
.force.com
.primevideo.com
.iqiyi.com
.avito.ru
.stackexchange.com
.google.co.uk
.google.com.mx
.salesforce.com
.duckduckgo.com
.ilovepdf.com
.pinterest.com
.eastday.com
.zoho.com
.medium.com
.bet9ja.com
.telegram.org
.tiktok.com
.theguardian.com
.google.com.tr
.amazon.ca
.vimeo.com
.cnet.com
.zhihu.com
.mediafire.com
.godaddy.com
.padlet.com
.setn.com
.wix.com
.researchgate.net
.varzesh3.com
.investing.com
.ikea.com
.bestbuy.com
.washingtonpost.com
.wellsfargo.com
.tistory.com
.sindonews.com
.slideshare.net
.healthline.com
.google.ca
.google.com.sa
.metropoles.com
.aliexpress.ru
.bukalapak.com
.ebay.de
.w3schools.com
.homedepot.com
.momoshop.com.tw
.google.com.eg
.worldometers.info
.smallpdf.com
.discord.com
.lazada.sg
.namnak.com
.xnxx.com
.hulu.com
.51sole.com
.wikihow.com
.suara.com
.hdfcbank.com
.google.com.ar
.globo.com
.eikegolehem.com
.foxnews.com
.uol.com.br
.coursera.org
.chouftv.ma
.archive.org
.iqoption.com
.breitbart.com
.zendesk.com
.cnzz.com
.quizlet.com
.ltn.com.tw
.steamcommunity.com
.t.co
.51.la
.googlevideo.com
.y2mate.com
.ca.gov
.google.co.th
.mozilla.org
.amazon.it
.ups.com
.redd.it
.pikiran-rakyat.com
.skype.com
.telewebion.com
.amazon.es
.blackboard.com
.amazon.fr
.webex.com
.weather.com
.businessinsider.com
.ebay.co.uk
.t.me
.shaparak.ir
.hotstar.com
.behance.net
.dailymail.co.uk
.zerodha.com
.op.gg
.target.com
.deepl.com
.patch.com
.bet365.com
.blogger.com
.samsung.com
.360.com
.manoramaonline.com
.line.me
.ask.com
.airbnb.com
.gosuslugi.ru
.google.pl
.sberbank.ru
.taboola.com
.trello.com
.heavy.com
.mercadolivre.com.br
.google.co.id
.sahibinden.com
.merdeka.com
.dailymotion.com
.idntimes.com
.jianshu.com
.ladbible.com
.kumparan.com
.patria.org.ve
.amazon.cn
.icicibank.com
.namu.wiki
.nicovideo.jp
.usps.com
.cnnic.cn
.asos.com
.mercadolibre.com.ar
.cloudfront.net
.slack.com
.fc2.com
.chess.com
.messenger.com
.geeksforgeeks.org
.softonic.com
.fiverr.com
.hp.com
.cnbc.com
.gamepedia.com
.wayfair.com
.capitalone.com
.mercadolibre.com.mx
.rambler.ru
.thepiratebay.org
.xfinity.com
.forbes.com
.evernote.com
.investopedia.com
.ebay-kleinanzeigen.de
.goodreads.com
.realtor.com
.jiameng.com
.allegro.pl
.brilio.net
.pixabay.com
.wildberries.ru
.jpnn.com
.weebly.com
.wikimedia.org
.sciencedirect.com
.abs-cbn.com
.reverso.net
.scribd.com
.kapanlagi.com
.twimg.com
.box.com
.ameblo.jp
.pinimg.com
.ouedkniss.com
.thesaurus.com
.aol.com
.rt.com
.fast.com
.albawabhnews.com
.trendyol.com
.hespress.com
.fedex.com
.dell.com
.zol.com.cn
.proiezionidiborsa.it
.81.cn
.moneycontrol.com
.fidelity.com
.yts.mx
.mercari.com
.emofid.com
.ebc.net.tw
.patreon.com
.kakao.com
.in.gr
.leboncoin.fr
.ensonhaber.com
.ndtv.com
.trustpilot.com
.madrasati.sa
.elbalad.news
.qoo10.sg
.cambridge.org
.divar.ir
.nike.com
.academia.edu
.sonhoo.com
.schoology.com
.google.com.au
.squarespace.com
.dcard.tw
.marca.com
.google.gr
.inquirer.net
.haofang.net
.gmw.cn
.unsplash.com
.tripadvisor.com
.google.co.kr
.gismeteo.ru
.wixsite.com
.gmx.net
.tudou.com
.bankofamerica.com
.intuit.com
.tsetmc.com
.google.com.vn
.quora.com
.efu.com.cn
.dbs.com.sg
.9gag.com
.hurriyet.com.tr
.borna.news
.epicgames.com
.beytoote.com
.crunchyroll.com
.filimo.com
.banvenez.com
.bbcollab.com
.tutorialspoint.com
.youporn.com
.reuters.com
.gdanstum.net
.khanacademy.org
.orange.fr
.shopee.co.id
.bp.blogspot.com
.1337x.to
.disneyplus.com
.indiamart.com
.bloomberg.com
.biobiochile.cl
.adp.com
.chinaz.com
.yelp.com
.genius.com
.canada.ca
.alodokter.com
.surveymonkey.com
.feedly.com
.focus.cn
.chegg.com
.shopee.tw
.td.com
.ebay.com.au
.namasha.com
.iyiou.com
.ibicn.com
.104.com.tw
.doubleclick.net
.naukri.com
.pexels.com
.steampowered.com
.58.com
.att.com
.ecosia.org
.vnexpress.net
.ih5.cn
.spankbang.com
.uptodown.com
.gusuwang.com
.liansuo.com
.mofidonline.com
.google.co.ve
.infobae.com
.google.com.ua
.norton.com
.glassdoor.com
.ria.ru
.gstatic.com
.agah.com
.wish.com
.ninisite.com
.elfagr.com
.mheducation.com
.webmd.com
.citi.com
.wsj.com
.deviantart.com
.mathrubhumi.com
.livejournal.com
.istockphoto.com
.lowes.com
.marketwatch.com
.onlyfans.com
.donya-e-eqtesad.com
.videocampaign.co
.dmm.co.jp
.costco.com
.zippyshare.com
.web.de
.mailchimp.com
.51yes.com
.google.ro
.oracle.com
.lenta.ru
.360doc.com
.discordapp.com
.duolingo.com
.outbrain.com
.huaban.com
.usatoday.com
.as.com
.slickdeals.net
.sourceforge.net
.alwafd.news
.mileroticos.com
.kakaku.com
.verizon.com
.wordpress.org
.azure.com
.remove.bg
.redbubble.com
.gsmarena.com
.westernjournal.com
.seznam.cz
.viva.co.id
.youdao.com
.turkiye.gov.tr
.files.wordpress.com
.rediff.com
.issuu.com
.linktr.ee
.ekaie.com
.mit.edu
.americanexpress.com
.nba.com
.wp.pl
.wowhead.com
.ytmp3.cc
.linuxize.com
